// Jest Snapshot v1, https://goo.gl/fbAQLP

exports[`asset-name-not-defined 1`] = `[Error: unknown: assetName is mandatory]`;
