// Jest Snapshot v1, https://goo.gl/fbAQLP

exports[`options-not-valid 1`] = `[Error: unknown: options must be an object]`;
