// Jest Snapshot v1, https://goo.gl/fbAQLP

exports[`options-is-an-empty-object 1`] = `"const imageUrl = \`\${\\"https://res.cloudinary.com/trivago/image/upload/\\"}\${\\"my-picture\\"}\${\\".jpeg\\"}\${\\"\\"}\${\\"\\"}\`;"`;
