// Jest Snapshot v1, https://goo.gl/fbAQLP

exports[`transforms-not-valid 1`] = `[Error: unknown: transforms must be an object]`;
