// Jest Snapshot v1, https://goo.gl/fbAQLP

exports[`babel-plugin-cloudinary sample 1`] = `"const a = _transpiledURL(\\"imageName\\");"`;
