// Jest Snapshot v1, https://goo.gl/fbAQLP

exports[`only-transforms-provided 1`] = `"const imageUrl = \`\${\\"https://res.cloudinary.com/trivago/image/upload/c_fill,h_300,q_auto:good,t_crop,w_200/\\"}\${\\"my-picture\\"}\${\\".jpeg\\"}\${\\"\\"}\${\\"\\"}\`;"`;
