// Jest Snapshot v1, https://goo.gl/fbAQLP

exports[`only-prefix-option-provided 1`] = `"const imageUrl = \`\${\\"https://res.cloudinary.com/trivago/image/upload/\\"}\${\\"gallery/sand/\\"}\${\\"my-picture.jpeg\\"}\${\\"\\"}\${\\"\\"}\`;"`;
