// Jest Snapshot v1, https://goo.gl/fbAQLP

exports[`asset-name-not-valid 1`] = `[Error: unknown: assetName must be one of: identifier, stringLiteral, templateLiteral, conditionalExpression or callExpression]`;
